\BOOKMARK [0][-]{chapter*.1}{\376\377\000A\000g\000r\000a\000d\000e\000c\000i\000m\000i\000e\000n\000t\000o\000s}{}% 1
\BOOKMARK [0][-]{chapter*.2}{\376\377\000R\000e\000s\000u\000m\000e\000n}{}% 2
\BOOKMARK [0][-]{chapter*.3}{\376\377\000A\000b\000s\000t\000r\000a\000c\000t}{}% 3
\BOOKMARK [0][-]{chapter.1}{\376\377\000I\000n\000t\000r\000o\000d\000u\000c\000c\000i\000\363\000n}{}% 4
\BOOKMARK [1][-]{section.1.1}{\376\377\000C\000o\000n\000t\000e\000x\000t\000o\000\040\000y\000\040\000m\000o\000t\000i\000v\000a\000c\000i\000\363\000n}{chapter.1}% 5
\BOOKMARK [1][-]{section.1.2}{\376\377\000E\000l\000\040\000p\000r\000o\000c\000e\000s\000o\000\040\000a\000c\000t\000u\000a\000l\000\040\000d\000e\000\040\000g\000e\000s\000t\000i\000\363\000n\000\040\000a\000c\000a\000d\000\351\000m\000i\000c\000a\000:\000\040\000d\000i\000a\000g\000n\000\363\000s\000t\000i\000c\000o\000\040\000A\000S\000-\000I\000S}{chapter.1}% 6
\BOOKMARK [2][-]{subsection.1.2.1}{\376\377\000A\000c\000t\000o\000r\000e\000s\000\040\000y\000\040\000s\000u\000s\000\040\000r\000e\000s\000p\000o\000n\000s\000a\000b\000i\000l\000i\000d\000a\000d\000e\000s}{section.1.2}% 7
\BOOKMARK [2][-]{subsection.1.2.2}{\376\377\000C\000i\000c\000l\000o\000\040\000t\000e\000m\000p\000o\000r\000a\000l\000\040\000y\000\040\000f\000l\000u\000j\000o\000\040\000d\000e\000l\000\040\000p\000r\000o\000c\000e\000s\000o}{section.1.2}% 8
\BOOKMARK [2][-]{subsection.1.2.3}{\376\377\000H\000e\000r\000r\000a\000m\000i\000e\000n\000t\000a\000s\000\040\000d\000e\000\040\000s\000e\000g\000u\000i\000m\000i\000e\000n\000t\000o\000\040\000u\000t\000i\000l\000i\000z\000a\000d\000a\000s}{section.1.2}% 9
\BOOKMARK [2][-]{subsection.1.2.4}{\376\377\000G\000e\000s\000t\000i\000\363\000n\000\040\000d\000e\000\040\000i\000n\000s\000t\000a\000n\000c\000i\000a\000s\000\040\000e\000v\000a\000l\000u\000a\000t\000i\000v\000a\000s}{section.1.2}% 10
\BOOKMARK [2][-]{subsection.1.2.5}{\376\377\000S\000\355\000n\000t\000e\000s\000i\000s\000\040\000d\000e\000\040\000p\000r\000o\000b\000l\000e\000m\000a\000s\000\040\000e\000s\000t\000r\000u\000c\000t\000u\000r\000a\000l\000e\000s}{section.1.2}% 11
\BOOKMARK [1][-]{section.1.3}{\376\377\000P\000l\000a\000n\000t\000e\000a\000m\000i\000e\000n\000t\000o\000\040\000d\000e\000l\000\040\000p\000r\000o\000b\000l\000e\000m\000a}{chapter.1}% 12
\BOOKMARK [1][-]{section.1.4}{\376\377\000O\000b\000j\000e\000t\000i\000v\000o\000s}{chapter.1}% 13
\BOOKMARK [2][-]{subsection.1.4.1}{\376\377\000O\000b\000j\000e\000t\000i\000v\000o\000\040\000g\000e\000n\000e\000r\000a\000l}{section.1.4}% 14
\BOOKMARK [2][-]{subsection.1.4.2}{\376\377\000O\000b\000j\000e\000t\000i\000v\000o\000s\000\040\000e\000s\000p\000e\000c\000\355\000f\000i\000c\000o\000s}{section.1.4}% 15
\BOOKMARK [1][-]{section.1.5}{\376\377\000C\000o\000n\000t\000r\000i\000b\000u\000c\000i\000o\000n\000e\000s}{chapter.1}% 16
\BOOKMARK [1][-]{section.1.6}{\376\377\000E\000s\000t\000r\000u\000c\000t\000u\000r\000a\000\040\000d\000e\000\040\000l\000a\000\040\000t\000e\000s\000i\000s}{chapter.1}% 17
\BOOKMARK [0][-]{chapter.2}{\376\377\000E\000s\000t\000a\000d\000o\000\040\000d\000e\000l\000\040\000A\000r\000t\000e}{}% 18
\BOOKMARK [1][-]{section.2.1}{\376\377\000A\000c\000r\000e\000d\000i\000t\000a\000c\000i\000\363\000n\000\040\000u\000n\000i\000v\000e\000r\000s\000i\000t\000a\000r\000i\000a\000:\000\040\000n\000o\000r\000m\000a\000t\000i\000v\000a\000,\000\040\000d\000e\000b\000i\000l\000i\000d\000a\000d\000e\000s\000\040\000y\000\040\000d\000e\000s\000a\000f\000\355\000o\000s}{chapter.2}% 19
\BOOKMARK [2][-]{subsection.2.1.1}{\376\377\000C\000o\000n\000t\000e\000x\000t\000o\000\040\000h\000i\000s\000t\000\363\000r\000i\000c\000o\000\040\000y\000\040\000e\000v\000o\000l\000u\000c\000i\000\363\000n\000\040\000n\000o\000r\000m\000a\000t\000i\000v\000a}{section.2.1}% 20
\BOOKMARK [2][-]{subsection.2.1.2}{\376\377\000M\000a\000r\000c\000o\000\040\000n\000o\000r\000m\000a\000t\000i\000v\000o\000\040\000v\000i\000g\000e\000n\000t\000e}{section.2.1}% 21
\BOOKMARK [2][-]{subsection.2.1.3}{\376\377\000C\000o\000m\000p\000l\000e\000j\000i\000d\000a\000d\000\040\000o\000r\000g\000a\000n\000i\000z\000a\000c\000i\000o\000n\000a\000l\000\040\000d\000e\000l\000\040\000p\000r\000o\000c\000e\000s\000o}{section.2.1}% 22
\BOOKMARK [2][-]{subsection.2.1.4}{\376\377\000D\000e\000s\000a\000f\000\355\000o\000s\000\040\000i\000d\000e\000n\000t\000i\000f\000i\000c\000a\000d\000o\000s\000\040\000e\000n\000\040\000l\000a\000\040\000l\000i\000t\000e\000r\000a\000t\000u\000r\000a}{section.2.1}% 23
\BOOKMARK [2][-]{subsection.2.1.5}{\376\377\000L\000a\000\040\000b\000r\000e\000c\000h\000a\000\040\000t\000e\000c\000n\000o\000l\000\363\000g\000i\000c\000a}{section.2.1}% 24
\BOOKMARK [1][-]{section.2.2}{\376\377\000G\000e\000s\000t\000i\000\363\000n\000\040\000d\000o\000c\000u\000m\000e\000n\000t\000a\000l\000\040\000i\000n\000t\000e\000l\000i\000g\000e\000n\000t\000e}{chapter.2}% 25
\BOOKMARK [2][-]{subsection.2.2.1}{\376\377\000P\000i\000p\000e\000l\000i\000n\000e\000\040\000t\000e\000c\000n\000o\000l\000\363\000g\000i\000c\000o\000:\000\040\000d\000e\000\040\000d\000o\000c\000u\000m\000e\000n\000t\000o\000s\000\040\000n\000o\000\040\000e\000s\000t\000r\000u\000c\000t\000u\000r\000a\000d\000o\000s\000\040\000a\000\040\000i\000n\000f\000o\000r\000m\000a\000c\000i\000\363\000n\000\040\000a\000c\000c\000i\000o\000n\000a\000b\000l\000e}{section.2.2}% 26
\BOOKMARK [2][-]{subsection.2.2.2}{\376\377\000A\000p\000l\000i\000c\000a\000c\000i\000o\000n\000e\000s\000\040\000e\000n\000\040\000a\000d\000m\000i\000n\000i\000s\000t\000r\000a\000c\000i\000\363\000n\000\040\000p\000\372\000b\000l\000i\000c\000a\000\040\000r\000e\000g\000u\000l\000a\000d\000a}{section.2.2}% 27
\BOOKMARK [2][-]{subsection.2.2.3}{\376\377\000A\000p\000l\000i\000c\000a\000c\000i\000o\000n\000e\000s\000\040\000e\000n\000\040\000m\000o\000n\000i\000t\000o\000r\000e\000o\000\040\000y\000\040\000s\000e\000g\000u\000i\000m\000i\000e\000n\000t\000o\000\040\000i\000n\000s\000t\000i\000t\000u\000c\000i\000o\000n\000a\000l}{section.2.2}% 28
\BOOKMARK [2][-]{subsection.2.2.4}{\376\377\000A\000p\000l\000i\000c\000a\000c\000i\000o\000n\000e\000s\000\040\000e\000s\000p\000e\000c\000\355\000f\000i\000c\000a\000s\000\040\000e\000n\000\040\000e\000d\000u\000c\000a\000c\000i\000\363\000n\000\040\000s\000u\000p\000e\000r\000i\000o\000r}{section.2.2}% 29
\BOOKMARK [2][-]{subsection.2.2.5}{\376\377\000B\000r\000e\000c\000h\000a\000\040\000c\000o\000n\000\040\000e\000l\000\040\000d\000o\000m\000i\000n\000i\000o\000\040\000C\000O\000N\000E\000A\000U}{section.2.2}% 30
\BOOKMARK [1][-]{section.2.3}{\376\377\000S\000i\000s\000t\000e\000m\000a\000s\000\040\000M\000u\000l\000t\000i\000a\000g\000e\000n\000t\000e}{chapter.2}% 31
\BOOKMARK [2][-]{subsection.2.3.1}{\376\377\000F\000u\000n\000d\000a\000m\000e\000n\000t\000o\000s\000:\000\040\000t\000i\000p\000o\000s\000\040\000y\000\040\000p\000r\000o\000p\000i\000e\000d\000a\000d\000e\000s\000\040\000d\000e\000\040\000l\000o\000s\000\040\000a\000g\000e\000n\000t\000e\000s}{section.2.3}% 32
\BOOKMARK [2][-]{subsection.2.3.2}{\376\377\000M\000e\000t\000o\000d\000o\000l\000o\000g\000\355\000a\000s\000\040\000d\000e\000\040\000d\000i\000s\000e\000\361\000o\000\040\000d\000e\000\040\000s\000i\000s\000t\000e\000m\000a\000s\000\040\000M\000A\000S}{section.2.3}% 33
\BOOKMARK [2][-]{subsection.2.3.3}{\376\377\000C\000o\000o\000r\000d\000i\000n\000a\000c\000i\000\363\000n\000\040\000y\000\040\000c\000o\000m\000u\000n\000i\000c\000a\000c\000i\000\363\000n\000\040\000e\000n\000t\000r\000e\000\040\000a\000g\000e\000n\000t\000e\000s}{section.2.3}% 34
\BOOKMARK [2][-]{subsection.2.3.4}{\376\377\000M\000A\000S\000\040\000c\000o\000n\000\040\000L\000L\000M\000:\000\040\000a\000g\000e\000n\000t\000e\000s\000\040\000c\000o\000g\000n\000i\000t\000i\000v\000o\000s\000\040\000d\000i\000s\000t\000r\000i\000b\000u\000i\000d\000o\000s}{section.2.3}% 35
\BOOKMARK [2][-]{subsection.2.3.5}{\376\377\000B\000r\000e\000c\000h\000a\000\040\000c\000o\000n\000\040\000e\000l\000\040\000d\000o\000m\000i\000n\000i\000o\000\040\000C\000O\000N\000E\000A\000U}{section.2.3}% 36
\BOOKMARK [1][-]{section.2.4}{\376\377\000M\000o\000d\000e\000l\000o\000s\000\040\000d\000e\000\040\000L\000e\000n\000g\000u\000a\000j\000e\000\040\000d\000e\000\040\000G\000r\000a\000n\000\040\000E\000s\000c\000a\000l\000a\000\040\000\050\000L\000L\000M\000\051}{chapter.2}% 37
\BOOKMARK [2][-]{subsection.2.4.1}{\376\377\000A\000r\000q\000u\000i\000t\000e\000c\000t\000u\000r\000a\000\040\000T\000r\000a\000n\000s\000f\000o\000r\000m\000e\000r\000\040\000y\000\040\000f\000u\000n\000d\000a\000m\000e\000n\000t\000o\000s}{section.2.4}% 38
\BOOKMARK [2][-]{subsection.2.4.2}{\376\377\000A\000d\000a\000p\000t\000a\000c\000i\000\363\000n\000:\000\040\000e\000n\000t\000r\000e\000n\000a\000m\000i\000e\000n\000t\000o\000,\000\040\000a\000j\000u\000s\000t\000e\000\040\000f\000i\000n\000o\000\040\000y\000\040\000t\000\351\000c\000n\000i\000c\000a\000s\000\040\000d\000e\000\040\000p\000r\000o\000m\000p\000t\000i\000n\000g}{section.2.4}% 39
\BOOKMARK [2][-]{subsection.2.4.3}{\376\377\000G\000e\000n\000e\000r\000a\000c\000i\000\363\000n\000\040\000A\000u\000m\000e\000n\000t\000a\000d\000a\000\040\000p\000o\000r\000\040\000R\000e\000c\000u\000p\000e\000r\000a\000c\000i\000\363\000n\000\040\000\050\000R\000A\000G\000\051}{section.2.4}% 40
\BOOKMARK [2][-]{subsection.2.4.4}{\376\377\000L\000L\000M\000\040\000e\000n\000\040\000g\000e\000s\000t\000i\000\363\000n\000\040\000d\000o\000c\000u\000m\000e\000n\000t\000a\000l\000\040\000e\000s\000p\000e\000c\000i\000a\000l\000i\000z\000a\000d\000a}{section.2.4}% 41
\BOOKMARK [2][-]{subsection.2.4.5}{\376\377\000B\000r\000e\000c\000h\000a\000\040\000c\000o\000n\000\040\000e\000l\000\040\000d\000o\000m\000i\000n\000i\000o\000\040\000C\000O\000N\000E\000A\000U}{section.2.4}% 42
\BOOKMARK [1][-]{section.2.5}{\376\377\000M\000o\000d\000e\000l\000\040\000C\000o\000n\000t\000e\000x\000t\000\040\000P\000r\000o\000t\000o\000c\000o\000l\000\040\000\050\000M\000C\000P\000\051}{chapter.2}% 43
\BOOKMARK [2][-]{subsection.2.5.1}{\376\377\000O\000r\000i\000g\000e\000n\000\040\000y\000\040\000p\000r\000o\000b\000l\000e\000m\000\341\000t\000i\000c\000a\000\040\000q\000u\000e\000\040\000r\000e\000s\000u\000e\000l\000v\000e}{section.2.5}% 44
\BOOKMARK [2][-]{subsection.2.5.2}{\376\377\000A\000r\000q\000u\000i\000t\000e\000c\000t\000u\000r\000a\000\040\000d\000e\000l\000\040\000p\000r\000o\000t\000o\000c\000o\000l\000o}{section.2.5}% 45
\BOOKMARK [2][-]{subsection.2.5.3}{\376\377\000C\000a\000p\000a\000c\000i\000d\000a\000d\000e\000s\000\040\000d\000e\000l\000\040\000s\000e\000r\000v\000i\000d\000o\000r\000\040\000M\000C\000P}{section.2.5}% 46
\BOOKMARK [2][-]{subsection.2.5.4}{\376\377\000E\000c\000o\000s\000i\000s\000t\000e\000m\000a\000\040\000y\000\040\000a\000d\000o\000p\000c\000i\000\363\000n}{section.2.5}% 47
\BOOKMARK [2][-]{subsection.2.5.5}{\376\377\000S\000e\000g\000u\000r\000i\000d\000a\000d\000\040\000y\000\040\000t\000r\000a\000z\000a\000b\000i\000l\000i\000d\000a\000d}{section.2.5}% 48
\BOOKMARK [2][-]{subsection.2.5.6}{\376\377\000P\000o\000s\000i\000c\000i\000o\000n\000a\000m\000i\000e\000n\000t\000o\000\040\000c\000o\000m\000p\000a\000r\000a\000t\000i\000v\000o}{section.2.5}% 49
\BOOKMARK [2][-]{subsection.2.5.7}{\376\377\000R\000e\000l\000e\000v\000a\000n\000c\000i\000a\000\040\000p\000a\000r\000a\000\040\000e\000l\000\040\000p\000r\000e\000s\000e\000n\000t\000e\000\040\000t\000r\000a\000b\000a\000j\000o}{section.2.5}% 50
\BOOKMARK [1][-]{section.2.6}{\376\377\000S\000\355\000n\000t\000e\000s\000i\000s\000\040\000y\000\040\000p\000o\000s\000i\000c\000i\000o\000n\000a\000m\000i\000e\000n\000t\000o}{chapter.2}% 51
\BOOKMARK [0][-]{chapter.3}{\376\377\000M\000e\000t\000o\000d\000o\000l\000o\000g\000\355\000a}{}% 52
\BOOKMARK [1][-]{section.3.1}{\376\377\000P\000a\000r\000a\000d\000i\000g\000m\000a\000\040\000y\000\040\000e\000n\000f\000o\000q\000u\000e\000\040\000d\000e\000\040\000i\000n\000v\000e\000s\000t\000i\000g\000a\000c\000i\000\363\000n}{chapter.3}% 53
\BOOKMARK [1][-]{section.3.2}{\376\377\000P\000r\000e\000g\000u\000n\000t\000a\000s\000\040\000d\000e\000\040\000i\000n\000v\000e\000s\000t\000i\000g\000a\000c\000i\000\363\000n\000\040\000y\000\040\000o\000b\000j\000e\000t\000i\000v\000o\000s\000\040\000o\000p\000e\000r\000a\000t\000i\000v\000o\000s}{chapter.3}% 54
\BOOKMARK [1][-]{section.3.3}{\376\377\000P\000r\000o\000c\000e\000s\000o\000\040\000d\000e\000\040\000d\000e\000s\000a\000r\000r\000o\000l\000l\000o\000\040\000a\000d\000o\000p\000t\000a\000d\000o}{chapter.3}% 55
\BOOKMARK [1][-]{section.3.4}{\376\377\000U\000n\000i\000v\000e\000r\000s\000o\000,\000\040\000c\000o\000r\000p\000u\000s\000\040\000y\000\040\000f\000u\000e\000n\000t\000e\000s\000\040\000d\000e\000\040\000d\000a\000t\000o\000s}{chapter.3}% 56
\BOOKMARK [1][-]{section.3.5}{\376\377\000M\000\351\000t\000r\000i\000c\000a\000s\000\040\000d\000e\000\040\000e\000v\000a\000l\000u\000a\000c\000i\000\363\000n\000\040\000d\000e\000l\000\040\000s\000i\000s\000t\000e\000m\000a}{chapter.3}% 57
\BOOKMARK [1][-]{section.3.6}{\376\377\000H\000e\000r\000r\000a\000m\000i\000e\000n\000t\000a\000s\000,\000\040\000t\000e\000c\000n\000o\000l\000o\000g\000\355\000a\000s\000\040\000y\000\040\000e\000n\000t\000o\000r\000n\000o\000\040\000d\000e\000\040\000d\000e\000s\000a\000r\000r\000o\000l\000l\000o}{chapter.3}% 58
\BOOKMARK [1][-]{section.3.7}{\376\377\000C\000o\000n\000s\000i\000d\000e\000r\000a\000c\000i\000o\000n\000e\000s\000\040\000\351\000t\000i\000c\000a\000s\000\040\000y\000\040\000d\000e\000\040\000p\000r\000i\000v\000a\000c\000i\000d\000a\000d}{chapter.3}% 59
\BOOKMARK [0][-]{chapter.4}{\376\377\000D\000e\000s\000a\000r\000r\000o\000l\000l\000o\000\040\000d\000e\000\040\000l\000a\000\040\000S\000o\000l\000u\000c\000i\000\363\000n}{}% 60
\BOOKMARK [1][-]{section.4.1}{\376\377\000D\000e\000l\000\040\000p\000r\000o\000c\000e\000s\000o\000\040\000m\000a\000n\000u\000a\000l\000\040\000a\000\040\000l\000a\000\040\000p\000l\000a\000t\000a\000f\000o\000r\000m\000a\000:\000\040\000c\000o\000n\000t\000r\000a\000s\000t\000e\000\040\000A\000S\000-\000I\000S\000\040\000/\000\040\000T\000O\000-\000B\000E}{chapter.4}% 61
\BOOKMARK [1][-]{section.4.2}{\376\377\000V\000i\000s\000i\000\363\000n\000\040\000g\000e\000n\000e\000r\000a\000l\000\040\000d\000e\000\040\000l\000a\000\040\000s\000o\000l\000u\000c\000i\000\363\000n}{chapter.4}% 62
\BOOKMARK [2][-]{subsection.4.2.1}{\376\377\000A\000c\000t\000o\000r\000e\000s\000\040\000d\000e\000l\000\040\000s\000i\000s\000t\000e\000m\000a}{section.4.2}% 63
\BOOKMARK [2][-]{subsection.4.2.2}{\376\377\000M\000\363\000d\000u\000l\000o\000s\000\040\000f\000u\000n\000c\000i\000o\000n\000a\000l\000e\000s}{section.4.2}% 64
\BOOKMARK [2][-]{subsection.4.2.3}{\376\377\000P\000i\000l\000a\000r\000e\000s\000\040\000t\000e\000c\000n\000o\000l\000\363\000g\000i\000c\000o\000s}{section.4.2}% 65
\BOOKMARK [2][-]{subsection.4.2.4}{\376\377\000O\000r\000g\000a\000n\000i\000z\000a\000c\000i\000\363\000n\000\040\000d\000e\000l\000\040\000c\000a\000p\000\355\000t\000u\000l\000o}{section.4.2}% 66
\BOOKMARK [1][-]{section.4.3}{\376\377\000A\000r\000q\000u\000i\000t\000e\000c\000t\000u\000r\000a\000\040\000g\000e\000n\000e\000r\000a\000l\000\040\000d\000e\000l\000\040\000s\000i\000s\000t\000e\000m\000a}{chapter.4}% 67
\BOOKMARK [2][-]{subsection.4.3.1}{\376\377\000C\000a\000p\000a\000s\000\040\000d\000e\000\040\000l\000a\000\040\000a\000r\000q\000u\000i\000t\000e\000c\000t\000u\000r\000a}{section.4.3}% 68
\BOOKMARK [2][-]{subsection.4.3.2}{\376\377\000D\000i\000a\000g\000r\000a\000m\000a\000\040\000d\000e\000\040\000d\000e\000s\000p\000l\000i\000e\000g\000u\000e}{section.4.3}% 69
\BOOKMARK [1][-]{section.4.4}{\376\377\000M\000o\000d\000e\000l\000o\000\040\000d\000e\000\040\000d\000a\000t\000o\000s}{chapter.4}% 70
\BOOKMARK [1][-]{section.4.5}{\376\377\000M\000\363\000d\000u\000l\000o\000\040\000d\000e\000\040\000g\000e\000s\000t\000i\000\363\000n\000\040\000d\000e\000l\000\040\000c\000i\000c\000l\000o\000\040\000d\000e\000\040\000v\000i\000d\000a\000\040\000d\000e\000\040\000p\000r\000o\000p\000u\000e\000s\000t\000a\000s}{chapter.4}% 71
\BOOKMARK [2][-]{subsection.4.5.1}{\376\377\000C\000a\000m\000p\000o\000s\000\040\000d\000e\000\040\000u\000n\000a\000\040\000p\000r\000o\000p\000u\000e\000s\000t\000a\000\040\000d\000e\000\040\000a\000s\000i\000g\000n\000a\000t\000u\000r\000a}{section.4.5}% 72
\BOOKMARK [2][-]{subsection.4.5.2}{\376\377\000I\000m\000p\000o\000r\000t\000a\000c\000i\000\363\000n\000\040\000d\000e\000\040\000p\000r\000o\000p\000u\000e\000s\000t\000a\000s\000\040\000e\000x\000i\000s\000t\000e\000n\000t\000e\000s}{section.4.5}% 73
\BOOKMARK [2][-]{subsection.4.5.3}{\376\377\000I\000n\000t\000e\000g\000r\000a\000c\000i\000\363\000n\000\040\000b\000i\000d\000i\000r\000e\000c\000c\000i\000o\000n\000a\000l\000\040\000c\000o\000n\000\040\000G\000o\000o\000g\000l\000e\000\040\000W\000o\000r\000k\000s\000p\000a\000c\000e}{section.4.5}% 74
\BOOKMARK [2][-]{subsection.4.5.4}{\376\377\000E\000x\000p\000o\000r\000t\000a\000c\000i\000\363\000n\000\040\000d\000e\000\040\000p\000r\000o\000p\000u\000e\000s\000t\000a\000s}{section.4.5}% 75
\BOOKMARK [1][-]{section.4.6}{\376\377\000C\000o\000n\000t\000r\000o\000l\000e\000s\000\040\000n\000o\000r\000m\000a\000t\000i\000v\000o\000s\000\040\000e\000\040\000i\000n\000t\000e\000l\000i\000g\000e\000n\000t\000e\000s\000\040\000s\000o\000b\000r\000e\000\040\000p\000r\000o\000p\000u\000e\000s\000t\000a\000s\000\040\000d\000e\000\040\000A\000s\000i\000g\000n\000a\000t\000u\000r\000a}{chapter.4}% 76
\BOOKMARK [2][-]{subsection.4.6.1}{\376\377\000C\000o\000n\000t\000r\000o\000l\000e\000s\000\040\000n\000o\000r\000m\000a\000t\000i\000v\000o\000s\000\040\000f\000i\000j\000o\000s}{section.4.6}% 77
\BOOKMARK [2][-]{subsection.4.6.2}{\376\377\000C\000o\000n\000t\000r\000o\000l\000e\000s\000\040\000i\000n\000t\000e\000l\000i\000g\000e\000n\000t\000e\000s\000\040\000c\000o\000n\000f\000i\000g\000u\000r\000a\000b\000l\000e\000s}{section.4.6}% 78
\BOOKMARK [1][-]{section.4.7}{\376\377\000A\000r\000q\000u\000i\000t\000e\000c\000t\000u\000r\000a\000\040\000d\000e\000\040\000a\000g\000e\000n\000t\000e\000s\000\040\000\050\000M\000A\000S\000\051}{chapter.4}% 79
\BOOKMARK [2][-]{subsection.4.7.1}{\376\377\000A\000g\000e\000n\000t\000e\000\040\000d\000e\000\040\000E\000x\000t\000r\000a\000c\000c\000i\000\363\000n}{section.4.7}% 80
\BOOKMARK [2][-]{subsection.4.7.2}{\376\377\000A\000g\000e\000n\000t\000e\000\040\000d\000e\000\040\000A\000s\000i\000s\000t\000e\000n\000c\000i\000a\000\040\000L\000L\000M}{section.4.7}% 81
\BOOKMARK [2][-]{subsection.4.7.3}{\376\377\000A\000g\000e\000n\000t\000e\000\040\000d\000e\000\040\000N\000o\000t\000i\000f\000i\000c\000a\000c\000i\000\363\000n}{section.4.7}% 82
\BOOKMARK [2][-]{subsection.4.7.4}{\376\377\000A\000g\000e\000n\000t\000e\000\040\000d\000e\000\040\000B\000\372\000s\000q\000u\000e\000d\000a\000\040\000S\000e\000m\000\341\000n\000t\000i\000c\000a}{section.4.7}% 83
\BOOKMARK [1][-]{section.4.8}{\376\377\000I\000n\000t\000e\000g\000r\000a\000c\000i\000\363\000n\000\040\000M\000C\000P\000\040\040\024\000\040\000c\000a\000p\000a\000\040\000d\000e\000\040\000i\000n\000t\000e\000r\000o\000p\000e\000r\000a\000b\000i\000l\000i\000d\000a\000d}{chapter.4}% 84
\BOOKMARK [2][-]{subsection.4.8.1}{\376\377\000S\000e\000r\000v\000i\000d\000o\000r\000\040\000d\000e\000\040\000P\000r\000o\000p\000u\000e\000s\000t\000a\000s}{section.4.8}% 85
\BOOKMARK [2][-]{subsection.4.8.2}{\376\377\000S\000e\000r\000v\000i\000d\000o\000r\000\040\000d\000e\000\040\000N\000o\000r\000m\000a\000t\000i\000v\000a}{section.4.8}% 86
\BOOKMARK [2][-]{subsection.4.8.3}{\376\377\000S\000e\000r\000v\000i\000d\000o\000r\000\040\000d\000e\000\040\000A\000u\000d\000i\000t\000o\000r\000\355\000a}{section.4.8}% 87
\BOOKMARK [2][-]{subsection.4.8.4}{\376\377\000T\000r\000a\000n\000s\000p\000o\000r\000t\000e\000\040\000y\000\040\000p\000r\000o\000t\000o\000c\000o\000l\000o}{section.4.8}% 88
\BOOKMARK [1][-]{section.4.9}{\376\377\000M\000\363\000d\000u\000l\000o\000\040\000R\000A\000G\000\040\040\024\000\040\000b\000\372\000s\000q\000u\000e\000d\000a\000\040\000s\000e\000m\000\341\000n\000t\000i\000c\000a\000\040\000s\000o\000b\000r\000e\000\040\000d\000o\000c\000u\000m\000e\000n\000t\000a\000c\000i\000\363\000n}{chapter.4}% 89
\BOOKMARK [2][-]{subsection.4.9.1}{\376\377\000C\000o\000r\000p\000u\000s\000\040\000i\000n\000d\000e\000x\000a\000d\000o}{section.4.9}% 90
\BOOKMARK [2][-]{subsection.4.9.2}{\376\377\000P\000i\000p\000e\000l\000i\000n\000e\000\040\000d\000e\000\040\000i\000n\000d\000e\000x\000a\000c\000i\000\363\000n}{section.4.9}% 91
\BOOKMARK [2][-]{subsection.4.9.3}{\376\377\000P\000i\000p\000e\000l\000i\000n\000e\000\040\000d\000e\000\040\000c\000o\000n\000s\000u\000l\000t\000a\000\040\000y\000\040\000c\000a\000s\000o\000s\000\040\000d\000e\000\040\000u\000s\000o}{section.4.9}% 92
\BOOKMARK [1][-]{section.4.10}{\376\377\000G\000e\000s\000t\000i\000\363\000n\000\040\000d\000e\000l\000\040\000p\000l\000a\000n\000\040\000d\000e\000\040\000e\000s\000t\000u\000d\000i\000o\000s\000\040\000y\000\040\000c\000o\000m\000p\000e\000t\000e\000n\000c\000i\000a\000s}{chapter.4}% 93
\BOOKMARK [2][-]{subsection.4.10.1}{\376\377\000M\000o\000d\000e\000l\000o\000\040\000d\000e\000\040\000d\000a\000t\000o\000s\000\040\000y\000\040\000e\000s\000t\000r\000u\000c\000t\000u\000r\000a\000\040\000j\000e\000r\000\341\000r\000q\000u\000i\000c\000a}{section.4.10}% 94
\BOOKMARK [2][-]{subsection.4.10.2}{\376\377\000G\000e\000s\000t\000i\000\363\000n\000\040\000d\000e\000\040\000v\000e\000r\000s\000i\000o\000n\000e\000s\000\040\000d\000e\000l\000\040\000p\000l\000a\000n}{section.4.10}% 95
\BOOKMARK [2][-]{subsection.4.10.3}{\376\377\000A\000P\000I\000\040\000d\000e\000l\000\040\000m\000\363\000d\000u\000l\000o}{section.4.10}% 96
\BOOKMARK [2][-]{subsection.4.10.4}{\376\377\000C\000a\000t\000\341\000l\000o\000g\000o\000\040\000d\000e\000\040\000c\000o\000m\000p\000e\000t\000e\000n\000c\000i\000a\000s\000\040\000y\000\040\000m\000a\000t\000r\000i\000z\000\040\000d\000e\000\040\000t\000r\000i\000b\000u\000t\000a\000c\000i\000\363\000n}{section.4.10}% 97
\BOOKMARK [1][-]{section.4.11}{\376\377\000G\000e\000s\000t\000i\000\363\000n\000\040\000d\000e\000\040\000d\000o\000c\000e\000n\000t\000e\000s\000\040\000y\000\040\000c\000a\000r\000r\000e\000r\000a\000s}{chapter.4}% 98
\BOOKMARK [2][-]{subsection.4.11.1}{\376\377\000D\000o\000c\000e\000n\000t\000e\000s}{section.4.11}% 99
\BOOKMARK [2][-]{subsection.4.11.2}{\376\377\000C\000a\000r\000r\000e\000r\000a\000s\000\040\000y\000\040\000r\000o\000l\000e\000s\000\040\000R\000B\000A\000C}{section.4.11}% 100
\BOOKMARK [1][-]{section.4.12}{\376\377\000M\000\363\000d\000u\000l\000o\000\040\000d\000e\000\040\000i\000n\000s\000t\000r\000u\000m\000e\000n\000t\000o\000s\000\040\000e\000v\000a\000l\000u\000a\000t\000i\000v\000o\000s}{chapter.4}% 101
\BOOKMARK [1][-]{section.4.13}{\376\377\000M\000\363\000d\000u\000l\000o\000\040\000d\000e\000\040\000a\000c\000r\000e\000d\000i\000t\000a\000c\000i\000\363\000n\000\040\000C\000O\000N\000E\000A\000U}{chapter.4}% 102
\BOOKMARK [2][-]{subsection.4.13.1}{\376\377\000R\000e\000g\000i\000s\000t\000r\000o\000\040\000d\000e\000\040\000e\000v\000i\000d\000e\000n\000c\000i\000a\000s}{section.4.13}% 103
\BOOKMARK [2][-]{subsection.4.13.2}{\376\377\000P\000l\000a\000n\000\040\000d\000e\000\040\000t\000r\000a\000b\000a\000j\000o\000\040\000d\000e\000\040\000l\000a\000\040\000a\000u\000t\000o\000e\000v\000a\000l\000u\000a\000c\000i\000\363\000n}{section.4.13}% 104
\BOOKMARK [1][-]{section.4.14}{\376\377\000M\000\363\000d\000u\000l\000o\000\040\000d\000e\000\040\000n\000o\000t\000i\000f\000i\000c\000a\000c\000i\000o\000n\000e\000s}{chapter.4}% 105
\BOOKMARK [2][-]{subsection.4.14.1}{\376\377\000I\000n\000t\000e\000g\000r\000a\000c\000i\000\363\000n\000\040\000G\000m\000a\000i\000l\000\040\000O\000A\000u\000t\000h}{section.4.14}% 106
\BOOKMARK [2][-]{subsection.4.14.2}{\376\377\000A\000s\000i\000s\000t\000e\000n\000c\000i\000a\000\040\000L\000L\000M\000\040\000p\000a\000r\000a\000\040\000r\000e\000d\000a\000c\000c\000i\000\363\000n\000\040\000d\000e\000\040\000c\000o\000r\000r\000e\000o\000s}{section.4.14}% 107
\BOOKMARK [1][-]{section.4.15}{\376\377\000B\000a\000c\000k\000e\000n\000d\000\040\040\024\000\040\000A\000P\000I\000\040\000R\000E\000S\000T}{chapter.4}% 108
\BOOKMARK [2][-]{subsection.4.15.1}{\376\377\000A\000u\000t\000e\000n\000t\000i\000c\000a\000c\000i\000\363\000n\000\040\000y\000\040\000s\000e\000g\000u\000r\000i\000d\000a\000d}{section.4.15}% 109
\BOOKMARK [2][-]{subsection.4.15.2}{\376\377\000I\000n\000t\000e\000g\000r\000a\000c\000i\000\363\000n\000\040\000c\000o\000n\000\040\000s\000e\000r\000v\000i\000c\000i\000o\000s\000\040\000e\000x\000t\000e\000r\000n\000o\000s}{section.4.15}% 110
\BOOKMARK [2][-]{subsection.4.15.3}{\376\377\000T\000a\000r\000e\000a\000s\000\040\000e\000n\000\040\000s\000e\000g\000u\000n\000d\000o\000\040\000p\000l\000a\000n\000o}{section.4.15}% 111
\BOOKMARK [2][-]{subsection.4.15.4}{\376\377\000R\000e\000s\000u\000m\000e\000n\000\040\000d\000e\000\040\000e\000n\000d\000p\000o\000i\000n\000t\000s\000\040\000p\000o\000r\000\040\000m\000\363\000d\000u\000l\000o}{section.4.15}% 112
\BOOKMARK [1][-]{section.4.16}{\376\377\000F\000r\000o\000n\000t\000e\000n\000d\000\040\040\024\000\040\000I\000n\000t\000e\000r\000f\000a\000z\000\040\000d\000e\000\040\000u\000s\000u\000a\000r\000i\000o}{chapter.4}% 113
\BOOKMARK [1][-]{section.4.17}{\376\377\000S\000e\000g\000u\000r\000i\000d\000a\000d\000,\000\040\000t\000r\000a\000z\000a\000b\000i\000l\000i\000d\000a\000d\000\040\000y\000\040\000a\000u\000d\000i\000t\000o\000r\000\355\000a}{chapter.4}% 114
\BOOKMARK [2][-]{subsection.4.17.1}{\376\377\000A\000u\000t\000e\000n\000t\000i\000c\000a\000c\000i\000\363\000n\000\040\000y\000\040\000c\000o\000n\000t\000r\000o\000l\000\040\000d\000e\000\040\000a\000c\000c\000e\000s\000o}{section.4.17}% 115
\BOOKMARK [2][-]{subsection.4.17.2}{\376\377\000P\000r\000o\000t\000e\000c\000c\000i\000\363\000n\000\040\000d\000e\000\040\000c\000r\000e\000d\000e\000n\000c\000i\000a\000l\000e\000s\000\040\000y\000\040\000c\000o\000n\000f\000i\000g\000u\000r\000a\000c\000i\000\363\000n}{section.4.17}% 116
\BOOKMARK [2][-]{subsection.4.17.3}{\376\377\000T\000r\000a\000z\000a\000b\000i\000l\000i\000d\000a\000d\000\040\000y\000\040\000a\000u\000d\000i\000t\000o\000r\000\355\000a}{section.4.17}% 117
\BOOKMARK [2][-]{subsection.4.17.4}{\376\377\000V\000a\000l\000i\000d\000a\000c\000i\000\363\000n\000\040\000d\000e\000\040\000e\000n\000t\000r\000a\000d\000a\000s\000\040\000y\000\040\000m\000i\000t\000i\000g\000a\000c\000i\000\363\000n\000\040\000d\000e\000\040\000i\000n\000y\000e\000c\000c\000i\000\363\000n}{section.4.17}% 118
\BOOKMARK [1][-]{section.4.18}{\376\377\000D\000e\000c\000i\000s\000i\000o\000n\000e\000s\000\040\000d\000e\000\040\000d\000i\000s\000e\000\361\000o\000\040\000y\000\040\000t\000r\000a\000d\000e\000-\000o\000f\000f\000s}{chapter.4}% 119
\BOOKMARK [0][-]{chapter.5}{\376\377\000R\000e\000s\000u\000l\000t\000a\000d\000o\000s\000\040\000y\000\040\000E\000v\000a\000l\000u\000a\000c\000i\000\363\000n}{}% 120
\BOOKMARK [1][-]{section.5.1}{\376\377\000P\000r\000e\000s\000e\000n\000t\000a\000c\000i\000\363\000n\000\040\000d\000e\000l\000\040\000p\000r\000o\000t\000o\000t\000i\000p\000o\000\040\000f\000u\000n\000c\000i\000o\000n\000a\000l}{chapter.5}% 121
\BOOKMARK [2][-]{subsection.5.1.1}{\376\377\000A\000u\000t\000e\000n\000t\000i\000c\000a\000c\000i\000\363\000n}{section.5.1}% 122
\BOOKMARK [2][-]{subsection.5.1.2}{\376\377\000S\000e\000l\000e\000c\000c\000i\000\363\000n\000\040\000d\000e\000\040\000r\000o\000l\000\040\000e\000n\000\040\000c\000u\000e\000n\000t\000a\000s\000\040\000m\000u\000l\000t\000i\000-\000r\000o\000l}{section.5.1}% 123
\BOOKMARK [2][-]{subsection.5.1.3}{\376\377\000R\000e\000c\000u\000p\000e\000r\000a\000c\000i\000\363\000n\000\040\000d\000e\000\040\000c\000o\000n\000t\000r\000a\000s\000e\000\361\000a}{section.5.1}% 124
\BOOKMARK [2][-]{subsection.5.1.4}{\376\377\000V\000i\000s\000t\000a\000\040\000d\000e\000l\000\040\000D\000i\000r\000e\000c\000t\000i\000v\000o}{section.5.1}% 125
\BOOKMARK [2][-]{subsection.5.1.5}{\376\377\000V\000i\000s\000t\000a\000\040\000d\000e\000l\000\040\000D\000o\000c\000e\000n\000t\000e}{section.5.1}% 126
\BOOKMARK [1][-]{section.5.2}{\376\377\000D\000i\000s\000e\000\361\000o\000\040\000d\000e\000l\000\040\000e\000x\000p\000e\000r\000i\000m\000e\000n\000t\000o\000\040\000d\000e\000\040\000e\000v\000a\000l\000u\000a\000c\000i\000\363\000n}{chapter.5}% 127
\BOOKMARK [1][-]{section.5.3}{\376\377\000R\000e\000s\000u\000l\000t\000a\000d\000o\000s\000\040\000d\000e\000\040\000e\000x\000t\000r\000a\000c\000c\000i\000\363\000n\000\040\000a\000u\000t\000o\000m\000\341\000t\000i\000c\000a\000\040\000d\000e\000\040\000c\000a\000m\000p\000o\000s}{chapter.5}% 128
\BOOKMARK [1][-]{section.5.4}{\376\377\000R\000e\000s\000u\000l\000t\000a\000d\000o\000s\000\040\000d\000e\000\040\000v\000a\000l\000i\000d\000a\000c\000i\000\363\000n\000\040\000n\000o\000r\000m\000a\000t\000i\000v\000a\000\040\000a\000u\000t\000o\000m\000\341\000t\000i\000c\000a}{chapter.5}% 129
\BOOKMARK [1][-]{section.5.5}{\376\377\000R\000e\000s\000u\000l\000t\000a\000d\000o\000s\000\040\000d\000e\000\040\000a\000s\000i\000s\000t\000e\000n\000c\000i\000a\000\040\000L\000L\000M}{chapter.5}% 130
\BOOKMARK [1][-]{section.5.6}{\376\377\000R\000e\000s\000u\000l\000t\000a\000d\000o\000s\000\040\000d\000e\000\040\000b\000\372\000s\000q\000u\000e\000d\000a\000\040\000s\000e\000m\000\341\000n\000t\000i\000c\000a\000\040\000\050\000R\000A\000G\000\051}{chapter.5}% 131
\BOOKMARK [1][-]{section.5.7}{\376\377\000E\000v\000a\000l\000u\000a\000c\000i\000\363\000n\000\040\000d\000e\000\040\000t\000r\000a\000z\000a\000b\000i\000l\000i\000d\000a\000d\000\040\000y\000\040\000a\000u\000d\000i\000t\000o\000r\000\355\000a\000\040\000M\000C\000P}{chapter.5}% 132
\BOOKMARK [1][-]{section.5.8}{\376\377\000E\000v\000a\000l\000u\000a\000c\000i\000\363\000n\000\040\000d\000e\000\040\000u\000s\000a\000b\000i\000l\000i\000d\000a\000d\000\040\000d\000e\000l\000\040\000s\000i\000s\000t\000e\000m\000a}{chapter.5}% 133
\BOOKMARK [1][-]{section.5.9}{\376\377\000A\000n\000\341\000l\000i\000s\000i\000s\000\040\000i\000n\000t\000e\000g\000r\000a\000d\000o\000\040\000y\000\040\000d\000i\000s\000c\000u\000s\000i\000\363\000n}{chapter.5}% 134
\BOOKMARK [1][-]{section.5.10}{\376\377\000A\000m\000e\000n\000a\000z\000a\000s\000\040\000a\000\040\000l\000a\000\040\000v\000a\000l\000i\000d\000e\000z}{chapter.5}% 135
\BOOKMARK [0][-]{chapter.6}{\376\377\000C\000o\000n\000c\000l\000u\000s\000i\000o\000n\000e\000s\000\040\000y\000\040\000T\000r\000a\000b\000a\000j\000o\000s\000\040\000F\000u\000t\000u\000r\000o\000s}{}% 136
\BOOKMARK [1][-]{section.6.1}{\376\377\000C\000o\000n\000c\000l\000u\000s\000i\000o\000n\000e\000s\000\040\000p\000r\000i\000n\000c\000i\000p\000a\000l\000e\000s}{chapter.6}% 137
\BOOKMARK [1][-]{section.6.2}{\376\377\000R\000e\000s\000p\000u\000e\000s\000t\000a\000\040\000a\000\040\000l\000a\000s\000\040\000p\000r\000e\000g\000u\000n\000t\000a\000s\000\040\000d\000e\000\040\000i\000n\000v\000e\000s\000t\000i\000g\000a\000c\000i\000\363\000n}{chapter.6}% 138
\BOOKMARK [1][-]{section.6.3}{\376\377\000C\000o\000n\000t\000r\000i\000b\000u\000c\000i\000o\000n\000e\000s\000\040\000d\000e\000l\000\040\000t\000r\000a\000b\000a\000j\000o}{chapter.6}% 139
\BOOKMARK [1][-]{section.6.4}{\376\377\000L\000i\000m\000i\000t\000a\000c\000i\000o\000n\000e\000s\000\040\000d\000e\000l\000\040\000t\000r\000a\000b\000a\000j\000o}{chapter.6}% 140
\BOOKMARK [1][-]{section.6.5}{\376\377\000T\000r\000a\000b\000a\000j\000o\000s\000\040\000f\000u\000t\000u\000r\000o\000s}{chapter.6}% 141
\BOOKMARK [0][-]{chapter*.51}{\376\377\000B\000i\000b\000l\000i\000o\000g\000r\000a\000f\000\355\000a}{}% 142
\BOOKMARK [0][-]{appendix.Alph1}{\376\377\000C\000a\000p\000t\000u\000r\000a\000s\000\040\000d\000e\000\040\000p\000a\000n\000t\000a\000l\000l\000a\000\040\000d\000e\000l\000\040\000s\000i\000s\000t\000e\000m\000a}{}% 143
\BOOKMARK [1][-]{section.Alph1.1}{\376\377\000V\000i\000s\000t\000a\000\040\000d\000e\000l\000\040\000S\000e\000c\000r\000e\000t\000a\000r\000i\000o}{appendix.Alph1}% 144
\BOOKMARK [1][-]{section.Alph1.2}{\376\377\000V\000i\000s\000t\000a\000\040\000d\000e\000l\000\040\000M\000i\000e\000m\000b\000r\000o\000\040\000d\000e\000\040\000l\000a\000\040\000C\000o\000m\000i\000s\000i\000\363\000n\000\040\000C\000u\000r\000r\000i\000c\000u\000l\000a\000r}{appendix.Alph1}% 145
\BOOKMARK [1][-]{section.Alph1.3}{\376\377\000P\000a\000n\000t\000a\000l\000l\000a\000s\000\040\000s\000e\000c\000u\000n\000d\000a\000r\000i\000a\000s\000\040\000y\000\040\000f\000u\000n\000c\000i\000o\000n\000a\000l\000i\000d\000a\000d\000e\000s\000\040\000a\000v\000a\000n\000z\000a\000d\000a\000s}{appendix.Alph1}% 146
\BOOKMARK [0][-]{appendix.Alph2}{\376\377\000E\000s\000p\000e\000c\000i\000f\000i\000c\000a\000c\000i\000\363\000n\000\040\000d\000e\000l\000\040\000m\000o\000d\000e\000l\000o\000\040\000d\000e\000\040\000d\000a\000t\000o\000s}{}% 147
\BOOKMARK [0][-]{appendix.Alph3}{\376\377\000P\000l\000a\000n\000t\000i\000l\000l\000a\000\040\000i\000n\000s\000t\000i\000t\000u\000c\000i\000o\000n\000a\000l\000\040\000d\000e\000\040\000p\000r\000o\000p\000u\000e\000s\000t\000a\000\040\000d\000e\000\040\000a\000s\000i\000g\000n\000a\000t\000u\000r\000a}{}% 148
\BOOKMARK [0][-]{appendix.Alph4}{\376\377\000E\000j\000e\000m\000p\000l\000o\000s\000\040\000d\000e\000\040\000m\000e\000n\000s\000a\000j\000e\000s\000\040\000M\000C\000P\000\040\000\050\000J\000S\000O\000N\000-\000R\000P\000C\000\051}{}% 149
\BOOKMARK [0][-]{appendix.Alph5}{\376\377\000C\000o\000r\000p\000u\000s\000\040\000d\000e\000\040\000e\000v\000a\000l\000u\000a\000c\000i\000\363\000n}{}% 150
\BOOKMARK [0][-]{appendix.Alph6}{\376\377\000I\000n\000s\000t\000r\000u\000c\000c\000i\000o\000n\000e\000s\000\040\000d\000e\000\040\000i\000n\000s\000t\000a\000l\000a\000c\000i\000\363\000n\000\040\000y\000\040\000p\000u\000e\000s\000t\000a\000\040\000e\000n\000\040\000m\000a\000r\000c\000h\000a}{}% 151
